Component: ARM Compiler 5.06 update 4 (build 422) Tool: armlink [4d35d2]

==============================================================================

Section Cross References

    clock.o(.text) refers to context_rvds.o(.text) for rt_hw_interrupt_disable
    clock.o(.text) refers to thread.o(.text) for rt_thread_self
    clock.o(.text) refers to timer.o(.text) for rt_timer_check
    clock.o(.text) refers to clock.o(.data) for rt_tick
    components.o(.text) refers to main.o(.text) for $Super$$main
    components.o(.text) refers to thread.o(.text) for rt_thread_create
    components.o(.text) refers to kservice.o(.text) for rt_assert_handler
    components.o(.text) refers to context_rvds.o(.text) for rt_hw_interrupt_disable
    components.o(.text) refers to board.o(.text) for rt_hw_board_init
    components.o(.text) refers to timer.o(.text) for rt_system_timer_init
    components.o(.text) refers to scheduler.o(.text) for rt_system_scheduler_init
    components.o(.text) refers to idle.o(.text) for rt_thread_idle_init
    components.o(.text) refers to components.o(.rti_fn.0.end) for __rt_init_rti_board_start
    components.o(.text) refers to components.o(.rti_fn.1.end) for __rt_init_rti_board_end
    components.o(.text) refers to components.o(.rti_fn.6.end) for __rt_init_rti_end
    components.o(.text) refers to components.o(.constdata) for __FUNCTION__
    components.o(.rti_fn.0) refers to components.o(.text) for rti_start
    components.o(.rti_fn.0.end) refers to components.o(.text) for rti_board_start
    components.o(.rti_fn.1.end) refers to components.o(.text) for rti_board_end
    components.o(.rti_fn.6.end) refers to components.o(.text) for rti_end
    device.o(.text) refers to thread.o(.text) for rt_thread_self
    device.o(.text) refers to scheduler.o(.text) for rt_enter_critical
    device.o(.text) refers to object.o(.text) for rt_object_get_information
    device.o(.text) refers to kservice.o(.text) for rt_assert_handler
    device.o(.text) refers to mem.o(.text) for rt_malloc
    device.o(.text) refers to device.o(.constdata) for __FUNCTION__
    idle.o(.text) refers to context_rvds.o(.text) for rt_hw_interrupt_disable
    idle.o(.text) refers to irq.o(.text) for rt_interrupt_get_nest
    idle.o(.text) refers to kservice.o(.text) for rt_kprintf
    idle.o(.text) refers to scheduler.o(.text) for rt_enter_critical
    idle.o(.text) refers to object.o(.text) for rt_object_is_systemobject
    idle.o(.text) refers to mem.o(.text) for rt_free
    idle.o(.text) refers to thread.o(.text) for rt_thread_init
    idle.o(.text) refers to idle.o(.bss) for idle_hook_list
    idle.o(.text) refers to idle.o(.constdata) for __FUNCTION__
    idle.o(.text) refers to scheduler.o(.data) for rt_thread_defunct
    ipc.o(.text) refers to thread.o(.text) for rt_thread_suspend
    ipc.o(.text) refers to context_rvds.o(.text) for rt_hw_interrupt_disable
    ipc.o(.text) refers to kservice.o(.text) for rt_assert_handler
    ipc.o(.text) refers to object.o(.text) for rt_object_init
    ipc.o(.text) refers to irq.o(.text) for rt_interrupt_get_nest
    ipc.o(.text) refers to timer.o(.text) for rt_timer_control
    ipc.o(.text) refers to scheduler.o(.text) for rt_schedule
    ipc.o(.text) refers to ipc.o(.constdata) for __FUNCTION__
    ipc.o(.text) refers to ipc.o(.conststring) for .conststring
    ipc.o(.text) refers to object.o(.data) for rt_object_trytake_hook
    ipc.o(.text) refers to mem.o(.text) for rt_malloc
    ipc.o(.text) refers to clock.o(.text) for rt_tick_get
    irq.o(.text) refers to context_rvds.o(.text) for rt_hw_interrupt_disable
    irq.o(.text) refers to irq.o(.data) for rt_interrupt_enter_hook
    kservice.o(.text) refers to irq.o(.text) for rt_interrupt_get_nest
    kservice.o(.text) refers to thread.o(.text) for rt_thread_self
    kservice.o(.text) refers to mem.o(.text) for rt_malloc
    kservice.o(.text) refers to kservice.o(.data) for __rt_errno
    kservice.o(.text) refers to kservice.o(.constdata) for large_digits
    kservice.o(.text) refers to device.o(.text) for rt_device_write
    kservice.o(.text) refers to kservice.o(.bss) for rt_log_buf
    mem.o(.text) refers to kservice.o(.text) for rt_assert_handler
    mem.o(.text) refers to context_rvds.o(.text) for rt_hw_interrupt_disable
    mem.o(.text) refers to irq.o(.text) for rt_interrupt_get_nest
    mem.o(.text) refers to ipc.o(.text) for rt_sem_init
    mem.o(.text) refers to mem.o(.data) for rt_malloc_hook
    mem.o(.text) refers to mem.o(.constdata) for __FUNCTION__
    mem.o(.text) refers to mem.o(.bss) for heap_sem
    mem.o(.text) refers to mem.o(.conststring) for .conststring
    mem.o(FSymTab) refers to mem.o(.rodata.name) for __fsym_list_mem_name
    mem.o(FSymTab) refers to mem.o(.text) for list_mem
    memheap.o(.text) refers to kservice.o(.text) for rt_assert_handler
    memheap.o(.text) refers to object.o(.text) for rt_object_init
[...]
    dfs_file_write                           0x08008ae7   Thumb Code    42  dfs_file.o(.text)
    dfs_file_flush                           0x08008b11   Thumb Code    34  dfs_file.o(.text)
    dfs_file_lseek                           0x08008b33   Thumb Code    48  dfs_file.o(.text)
    dfs_file_stat                            0x08008b63   Thumb Code   184  dfs_file.o(.text)
    dfs_file_rename                          0x08008c1b   Thumb Code   174  dfs_file.o(.text)
    ls                                       0x08008cc9   Thumb Code   206  dfs_file.o(.text)
    rm                                       0x08008d97   Thumb Code    24  dfs_file.o(.text)
    cat                                      0x08008daf   Thumb Code    78  dfs_file.o(.text)
    copy                                     0x08008fbd   Thumb Code   640  dfs_file.o(.text)
    dfs_register                             0x0800923d   Thumb Code    98  dfs_fs.o(.text)
    dfs_filesystem_lookup                    0x0800929f   Thumb Code   114  dfs_fs.o(.text)
    dfs_filesystem_get_mounted_path          0x08009311   Thumb Code    52  dfs_fs.o(.text)
    dfs_filesystem_get_partition             0x08009345   Thumb Code   206  dfs_fs.o(.text)
    dfs_mount                                0x08009413   Thumb Code   402  dfs_fs.o(.text)
    dfs_unmount                              0x080095a5   Thumb Code   284  dfs_fs.o(.text)
    dfs_mkfs                                 0x080096c1   Thumb Code   130  dfs_fs.o(.text)
    dfs_statfs                               0x08009743   Thumb Code    40  dfs_fs.o(.text)
    mkfs                                     0x0800976b   Thumb Code    16  dfs_fs.o(.text)
    df                                       0x0800977b   Thumb Code   210  dfs_fs.o(.text)
    open                                     0x080098a1   Thumb Code    92  dfs_posix.o(.text)
    close                                    0x080098fd   Thumb Code    68  dfs_posix.o(.text)
    read                                     0x08009941   Thumb Code    80  dfs_posix.o(.text)
    write                                    0x08009991   Thumb Code    80  dfs_posix.o(.text)
    lseek                                    0x080099e1   Thumb Code   150  dfs_posix.o(.text)
    rename                                   0x08009a77   Thumb Code    36  dfs_posix.o(.text)
    unlink                                   0x08009a9b   Thumb Code    32  dfs_posix.o(.text)
    stat                                     0x08009abb   Thumb Code    36  dfs_posix.o(.text)
    fstat                                    0x08009adf   Thumb Code    82  dfs_posix.o(.text)
    fsync                                    0x08009b31   Thumb Code    46  dfs_posix.o(.text)
    fcntl                                    0x08009b5f   Thumb Code    80  dfs_posix.o(.text)
    ioctl                                    0x08009baf   Thumb Code    36  dfs_posix.o(.text)
    statfs                                   0x08009bd3   Thumb Code    36  dfs_posix.o(.text)
    mkdir                                    0x08009bf7   Thumb Code   104  dfs_posix.o(.text)
    rmdir                                    0x08009c5f   Thumb Code    32  dfs_posix.o(.text)
    opendir                                  0x08009c7f   Thumb Code   126  dfs_posix.o(.text)
    readdir                                  0x08009cfd   Thumb Code   132  dfs_posix.o(.text)
    telldir                                  0x08009d81   Thumb Code    50  dfs_posix.o(.text)
    seekdir                                  0x08009db3   Thumb Code    58  dfs_posix.o(.text)
    rewinddir                                0x08009ded   Thumb Code    56  dfs_posix.o(.text)
    closedir                                 0x08009e25   Thumb Code    74  dfs_posix.o(.text)
    chdir                                    0x08009e6f   Thumb Code   140  dfs_posix.o(.text)
    access                                   0x08009efb   Thumb Code    32  dfs_posix.o(.text)
    getcwd                                   0x08009f1b   Thumb Code    28  dfs_posix.o(.text)
    dfs_device_fs_mount                      0x08009f45   Thumb Code     6  devfs.o(.text)
    dfs_device_fs_ioctl                      0x08009f4b   Thumb Code    60  devfs.o(.text)
    dfs_device_fs_read                       0x08009f87   Thumb Code    62  devfs.o(.text)
    dfs_device_fs_write                      0x08009fc5   Thumb Code    62  devfs.o(.text)
    dfs_device_fs_close                      0x0800a003   Thumb Code    86  devfs.o(.text)
    dfs_device_fs_open                       0x0800a059   Thumb Code   246  devfs.o(.text)
    dfs_device_fs_stat                       0x0800a14f   Thumb Code   148  devfs.o(.text)
    dfs_device_fs_getdents                   0x0800a1e3   Thumb Code   122  devfs.o(.text)
    devfs_init                               0x0800a263   Thumb Code    12  devfs.o(.text)
    dfs_elm_mount                            0x0800a359   Thumb Code   244  dfs_elm.o(.text)
    dfs_elm_unmount                          0x0800a44d   Thumb Code    94  dfs_elm.o(.text)
    dfs_elm_mkfs                             0x0800a4ab   Thumb Code   258  dfs_elm.o(.text)
    dfs_elm_statfs                           0x0800a5ad   Thumb Code   118  dfs_elm.o(.text)
    dfs_elm_open                             0x0800a623   Thumb Code   504  dfs_elm.o(.text)
    dfs_elm_close                            0x0800a81b   Thumb Code    82  dfs_elm.o(.text)
    dfs_elm_ioctl                            0x0800a86d   Thumb Code     8  dfs_elm.o(.text)
    dfs_elm_read                             0x0800a875   Thumb Code    72  dfs_elm.o(.text)
    dfs_elm_write                            0x0800a8bd   Thumb Code    76  dfs_elm.o(.text)
    dfs_elm_flush                            0x0800a909   Thumb Code    36  dfs_elm.o(.text)
    dfs_elm_lseek                            0x0800a92d   Thumb Code   112  dfs_elm.o(.text)
    dfs_elm_getdents                         0x0800a99d   Thumb Code   208  dfs_elm.o(.text)
    dfs_elm_unlink                           0x0800aa6d   Thumb Code    86  dfs_elm.o(.text)
    dfs_elm_rename                           0x0800aac3   Thumb Code    94  dfs_elm.o(.text)
    dfs_elm_stat                             0x0800ab21   Thumb Code   312  dfs_elm.o(.text)
    elm_init                                 0x0800ac59   Thumb Code    12  dfs_elm.o(.text)
    disk_initialize                          0x0800ac65   Thumb Code     6  dfs_elm.o(.text)
    disk_status                              0x0800ac6b   Thumb Code     6  dfs_elm.o(.text)
    disk_read                                0x0800ac71   Thumb Code    46  dfs_elm.o(.text)
    disk_write                               0x0800ac9f   Thumb Code    46  dfs_elm.o(.text)
    disk_ioctl                               0x0800accd   Thumb Code   156  dfs_elm.o(.text)
    get_fattime                              0x0800ad69   Thumb Code    84  dfs_elm.o(.text)
    ff_cre_syncobj                           0x0800adbd   Thumb Code    40  dfs_elm.o(.text)
    ff_del_syncobj                           0x0800ade5   Thumb Code    16  dfs_elm.o(.text)
    ff_req_grant                             0x0800adf5   Thumb Code    24  dfs_elm.o(.text)
    ff_rel_grant                             0x0800ae0d   Thumb Code    12  dfs_elm.o(.text)
    f_mount                                  0x0800bd91   Thumb Code   122  ff.o(.text)
    f_open                                   0x0800be0b   Thumb Code   506  ff.o(.text)
    f_read                                   0x0800c005   Thumb Code   528  ff.o(.text)
    f_write                                  0x0800c215   Thumb Code   580  ff.o(.text)
    f_sync                                   0x0800c459   Thumb Code   176  ff.o(.text)
    f_close                                  0x0800c509   Thumb Code    42  ff.o(.text)
    f_lseek                                  0x0800c533   Thumb Code   826  ff.o(.text)
    f_opendir                                0x0800c86d   Thumb Code   120  ff.o(.text)
    f_closedir                               0x0800c8e5   Thumb Code    32  ff.o(.text)
    f_readdir                                0x0800c905   Thumb Code    86  ff.o(.text)
    f_seekdir                                0x0800c95b   Thumb Code    62  ff.o(.text)
    f_stat                                   0x0800c999   Thumb Code    70  ff.o(.text)
    f_getfree                                0x0800c9df   Thumb Code   260  ff.o(.text)
    f_truncate                               0x0800cae3   Thumb Code   210  ff.o(.text)
    f_unlink                                 0x0800cbb5   Thumb Code   178  ff.o(.text)
    f_mkdir                                  0x0800cc67   Thumb Code   358  ff.o(.text)
    f_rename                                 0x0800cdcd   Thumb Code   280  ff.o(.text)
    f_mkfs                                   0x0800cee5   Thumb Code  1654  ff.o(.text)
    elm_get_vol                              0x0800d55b   Thumb Code    32  ff.o(.text)
    rt_device_pin_register                   0x0800d63d   Thumb Code    56  pin.o(.text)
    rt_pin_attach_irq                        0x0800d675   Thumb Code    60  pin.o(.text)
    rt_pin_detach_irq                        0x0800d6b1   Thumb Code    46  pin.o(.text)
    rt_pin_irq_enable                        0x0800d6df   Thumb Code    50  pin.o(.text)
    rt_pin_mode                              0x0800d711   Thumb Code    38  pin.o(.text)
    rt_pin_write                             0x0800d737   Thumb Code    38  pin.o(.text)
    rt_pin_read                              0x0800d75d   Thumb Code    34  pin.o(.text)
    rt_hw_serial_register                    0x0800e2c7   Thumb Code    86  serial.o(.text)
    rt_hw_serial_isr                         0x0800e31d   Thumb Code   394  serial.o(.text)
    rt_spi_bus_register                      0x0800e67d   Thumb Code    56  spi_core.o(.text)
    rt_spi_bus_attach_device                 0x0800e6b5   Thumb Code    74  spi_core.o(.text)
    rt_spi_configure                         0x0800e6ff   Thumb Code    96  spi_core.o(.text)
    rt_spi_send_then_send                    0x0800e75f   Thumb Code   240  spi_core.o(.text)
    rt_spi_send_then_recv                    0x0800e84f   Thumb Code   240  spi_core.o(.text)
    rt_spi_transfer                          0x0800e93f   Thumb Code   198  spi_core.o(.text)
    rt_spi_transfer_message                  0x0800ea05   Thumb Code   162  spi_core.o(.text)
    rt_spi_take_bus                          0x0800eaa7   Thumb Code   204  spi_core.o(.text)
    rt_spi_release_bus                       0x0800eb73   Thumb Code    72  spi_core.o(.text)
    rt_spi_take                              0x0800ebbb   Thumb Code    80  spi_core.o(.text)
    rt_spi_release                           0x0800ec0b   Thumb Code    80  spi_core.o(.text)
    rt_spi_bus_device_init                   0x0800ed0d   Thumb Code    56  spi_dev.o(.text)
    rt_spidev_device_init                    0x0800edc9   Thumb Code    56  spi_dev.o(.text)
    rt_completion_init                       0x0800ee95   Thumb Code    42  completion.o(.text)
    rt_completion_wait                       0x0800eebf   Thumb Code   198  completion.o(.text)
    rt_completion_done                       0x0800ef85   Thumb Code    76  completion.o(.text)
    rt_data_queue_init                       0x0800f06f   Thumb Code    76  dataqueue.o(.text)
    rt_data_queue_push                       0x0800f0bb   Thumb Code   282  dataqueue.o(.text)
    rt_data_queue_pop                        0x0800f1d5   Thumb Code   342  dataqueue.o(.text)
    rt_data_queue_peak                       0x0800f32b   Thumb Code   102  dataqueue.o(.text)
    rt_data_queue_reset                      0x0800f391   Thumb Code   106  dataqueue.o(.text)
    rt_wqueue_add                            0x0800f485   Thumb Code    38  waitqueue.o(.text)
    rt_wqueue_remove                         0x0800f4ab   Thumb Code    38  waitqueue.o(.text)
    __wqueue_default_wake                    0x0800f4d1   Thumb Code     6  waitqueue.o(.text)
    rt_wqueue_wakeup                         0x0800f4d7   Thumb Code   102  waitqueue.o(.text)
    rt_wqueue_wait                           0x0800f53d   Thumb Code   196  waitqueue.o(.text)
    finsh_set_prompt                         0x0800f631   Thumb Code    64  shell.o(.text)
    finsh_get_prompt                         0x0800f671   Thumb Code   112  shell.o(.text)
    finsh_get_prompt_mode                    0x0800f6e1   Thumb Code    32  shell.o(.text)
    finsh_set_prompt_mode                    0x0800f701   Thumb Code    42  shell.o(.text)
    finsh_set_echo                           0x0800f737   Thumb Code    42  shell.o(.text)
    finsh_get_echo                           0x0800f761   Thumb Code    32  shell.o(.text)
    finsh_run_line                           0x0800f7b3   Thumb Code   164  shell.o(.text)
    finsh_thread_entry                       0x0800f94f   Thumb Code  1466  shell.o(.text)
    finsh_system_function_init               0x0800ff09   Thumb Code    10  shell.o(.text)
    finsh_system_var_init                    0x0800ff13   Thumb Code    10  shell.o(.text)
    finsh_system_init                        0x0800ff1d   Thumb Code   110  shell.o(.text)
    hello                                    0x0800ffed   Thumb Code    12  cmd.o(.text)
    version                                  0x0800fff9   Thumb Code    10  cmd.o(.text)
    list_thread                              0x080100b5   Thumb Code   294  cmd.o(.text)
    list_sem                                 0x08010203   Thumb Code   216  cmd.o(.text)
    list_event                               0x080102db   Thumb Code   204  cmd.o(.text)
    list_mutex                               0x080103a7   Thumb Code   610  cmd.o(.text)
    list_mailbox                             0x08010609   Thumb Code   226  cmd.o(.text)
    list_msgqueue                            0x080106eb   Thumb Code   216  cmd.o(.text)
    list_memheap                             0x080107c3   Thumb Code   158  cmd.o(.text)
    list_mempool                             0x08010861   Thumb Code   210  cmd.o(.text)
    list_timer                               0x08010933   Thumb Code   862  cmd.o(.text)
    list_device                              0x08010c91   Thumb Code   172  cmd.o(.text)
    list                                     0x08010d3d   Thumb Code   126  cmd.o(.text)
    list_prefix                              0x08010dfd   Thumb Code   434  cmd.o(.text)
    msh_is_used                              0x08011115   Thumb Code     6  msh.o(.text)
    msh_help                                 0x0801112f   Thumb Code    66  msh.o(.text)
    msh_exec                                 0x0801130f   Thumb Code    96  msh.o(.text)
    msh_auto_complete_path                   0x0801138f   Thumb Code   544  msh.o(.text)
    msh_auto_complete                        0x080115af   Thumb Code   182  msh.o(.text)
    cmd_ls                                   0x0801166d   Thumb Code    28  msh_cmd.o(.text)
    cmd_cp                                   0x08011689   Thumb Code    36  msh_cmd.o(.text)
    cmd_mv                                   0x080116ad   Thumb Code   194  msh_cmd.o(.text)
    cmd_cat                                  0x0801176f   Thumb Code    48  msh_cmd.o(.text)
    cmd_rm                                   0x0801179f   Thumb Code    48  msh_cmd.o(.text)
    cmd_cd                                   0x080117cf   Thumb Code    44  msh_cmd.o(.text)
    cmd_pwd                                  0x080117fb   Thumb Code    18  msh_cmd.o(.text)
    cmd_mkdir                                0x0801180d   Thumb Code    36  msh_cmd.o(.text)
    cmd_mkfs                                 0x08011831   Thumb Code    82  msh_cmd.o(.text)
    cmd_df                                   0x08011883   Thumb Code    56  msh_cmd.o(.text)
    cmd_echo                                 0x080118bb   Thumb Code    92  msh_cmd.o(.text)
    cmd_ps                                   0x08011917   Thumb Code    14  msh_cmd.o(.text)
    cmd_time                                 0x08011925   Thumb Code     6  msh_cmd.o(.text)
    cmd_free                                 0x0801192b   Thumb Code    14  msh_cmd.o(.text)
    msh_exec_script                          0x08011bcf   Thumb Code   272  msh_file.o(.text)
    finsh_compiler_run                       0x080134a3   Thumb Code    88  finsh_compiler.o(.text)
    finsh_error_init                         0x0801350d   Thumb Code     8  finsh_error.o(.text)
    finsh_error_set                          0x08013515   Thumb Code    10  finsh_error.o(.text)
    finsh_errno                              0x0801351f   Thumb Code     6  finsh_error.o(.text)
    finsh_error_string                       0x08013525   Thumb Code    10  finsh_error.o(.text)
    finsh_heap_init                          0x08013539   Thumb Code    36  finsh_heap.o(.text)
    finsh_heap_free                          0x0801365d   Thumb Code    34  finsh_heap.o(.text)
    finsh_heap_allocate                      0x080136cd   Thumb Code   106  finsh_heap.o(.text)
    finsh_init                               0x08013749   Thumb Code    30  finsh_init.o(.text)
    finsh_stack_bottom                       0x08013767   Thumb Code     6  finsh_init.o(.text)
    finsh_flush                              0x0801376d   Thumb Code    22  finsh_init.o(.text)
    finsh_reset                              0x08013783   Thumb Code    24  finsh_init.o(.text)
    finsh_node_init                          0x080137a1   Thumb Code    16  finsh_node.o(.text)
    finsh_node_allocate                      0x080137b1   Thumb Code    56  finsh_node.o(.text)
    finsh_node_new_id                        0x080137e9   Thumb Code   118  finsh_node.o(.text)
    finsh_node_new_char                      0x0801385f   Thumb Code    30  finsh_node.o(.text)
    finsh_node_new_int                       0x0801387d   Thumb Code    30  finsh_node.o(.text)
    finsh_node_new_long                      0x0801389b   Thumb Code    30  finsh_node.o(.text)
    finsh_node_new_string                    0x080138b9   Thumb Code    74  finsh_node.o(.text)
    finsh_node_new_ptr                       0x08013903   Thumb Code    30  finsh_node.o(.text)
    OP_no_op                                 0x08013925   Thumb Code     2  finsh_ops.o(.text)
    OP_add_byte                              0x08013927   Thumb Code    42  finsh_ops.o(.text)
    OP_add_word                              0x08013951   Thumb Code    44  finsh_ops.o(.text)
    OP_add_dword                             0x0801397d   Thumb Code    42  finsh_ops.o(.text)
    OP_sub_byte                              0x080139a7   Thumb Code    42  finsh_ops.o(.text)
    OP_sub_word                              0x080139d1   Thumb Code    44  finsh_ops.o(.text)
    OP_sub_dword                             0x080139fd   Thumb Code    42  finsh_ops.o(.text)
    OP_div_byte                              0x08013a27   Thumb Code    44  finsh_ops.o(.text)
    OP_div_word                              0x08013a53   Thumb Code    46  finsh_ops.o(.text)
    OP_div_dword                             0x08013a81   Thumb Code    44  finsh_ops.o(.text)
    OP_mod_byte                              0x08013aad   Thumb Code    48  finsh_ops.o(.text)
    OP_mod_word                              0x08013add   Thumb Code    48  finsh_ops.o(.text)
    OP_mod_dword                             0x08013b0d   Thumb Code    48  finsh_ops.o(.text)
    OP_mul_byte                              0x08013b3d   Thumb Code    44  finsh_ops.o(.text)
    OP_mul_word                              0x08013b69   Thumb Code    46  finsh_ops.o(.text)
    OP_mul_dword                             0x08013b97   Thumb Code    42  finsh_ops.o(.text)
    OP_and_byte                              0x08013bc1   Thumb Code    42  finsh_ops.o(.text)
    OP_and_word                              0x08013beb   Thumb Code    42  finsh_ops.o(.text)
    OP_and_dword                             0x08013c15   Thumb Code    42  finsh_ops.o(.text)
    OP_or_byte                               0x08013c3f   Thumb Code    42  finsh_ops.o(.text)
    OP_or_word                               0x08013c69   Thumb Code    42  finsh_ops.o(.text)
    OP_or_dword                              0x08013c93   Thumb Code    42  finsh_ops.o(.text)
    OP_xor_byte                              0x08013cbd   Thumb Code    42  finsh_ops.o(.text)
    OP_xor_word                              0x08013ce7   Thumb Code    46  finsh_ops.o(.text)
    OP_xor_dword                             0x08013d15   Thumb Code    42  finsh_ops.o(.text)
    OP_bw_byte                               0x08013d3f   Thumb Code    20  finsh_ops.o(.text)
    OP_bw_word                               0x08013d53   Thumb Code    20  finsh_ops.o(.text)
    OP_bw_dword                              0x08013d67   Thumb Code    20  finsh_ops.o(.text)
    OP_shl_byte                              0x08013d7b   Thumb Code    42  finsh_ops.o(.text)
    OP_shl_word                              0x08013da5   Thumb Code    44  finsh_ops.o(.text)
    OP_shl_dword                             0x08013dd1   Thumb Code    42  finsh_ops.o(.text)
    OP_shr_byte                              0x08013dfb   Thumb Code    42  finsh_ops.o(.text)
    OP_shr_word                              0x08013e25   Thumb Code    42  finsh_ops.o(.text)
    OP_shr_dword                             0x08013e4f   Thumb Code    42  finsh_ops.o(.text)
    OP_ld_byte                               0x08013e79   Thumb Code    34  finsh_ops.o(.text)
    OP_ld_word                               0x08013e9b   Thumb Code    46  finsh_ops.o(.text)
    OP_ld_dword                              0x08013ec9   Thumb Code    64  finsh_ops.o(.text)
    OP_ld_value_byte                         0x08013f09   Thumb Code    66  finsh_ops.o(.text)
    OP_ld_value_byte_stack                   0x08013f4b   Thumb Code    20  finsh_ops.o(.text)
    OP_ld_value_word                         0x08013f5f   Thumb Code    66  finsh_ops.o(.text)
    OP_ld_value_word_stack                   0x08013fa1   Thumb Code    20  finsh_ops.o(.text)
    OP_ld_value_dword                        0x08013fb5   Thumb Code    66  finsh_ops.o(.text)
    OP_ld_value_dword_stack                  0x08013ff7   Thumb Code    20  finsh_ops.o(.text)
    OP_st_byte                               0x0801400b   Thumb Code    30  finsh_ops.o(.text)
    OP_st_word                               0x08014029   Thumb Code    30  finsh_ops.o(.text)
    OP_st_dword                              0x08014047   Thumb Code    30  finsh_ops.o(.text)
    OP_pop                                   0x08014065   Thumb Code    12  finsh_ops.o(.text)
    OP_call                                  0x08014071   Thumb Code   906  finsh_ops.o(.text)
    finsh_parser_run                         0x08014c91   Thumb Code   220  finsh_parser.o(.text)
    finsh_parser_init                        0x08014d6d   Thumb Code    16  finsh_parser.o(.text)
    finsh_var_init                           0x08014d7d   Thumb Code    14  finsh_var.o(.text)
    finsh_var_insert                         0x08014d8b   Thumb Code   114  finsh_var.o(.text)
    finsh_var_delete                         0x08014dfd   Thumb Code    68  finsh_var.o(.text)
    finsh_var_lookup                         0x08014e41   Thumb Code    58  finsh_var.o(.text)
    finsh_sysvar_append                      0x08014e7b   Thumb Code    62  finsh_var.o(.text)
    finsh_sysvar_lookup                      0x08014eb9   Thumb Code    78  finsh_var.o(.text)
    finsh_vm_run                             0x08014f19   Thumb Code    62  finsh_vm.o(.text)
    finsh_syscall_append                     0x08014f57   Thumb Code    54  finsh_vm.o(.text)
    finsh_syscall_lookup                     0x08014f8d   Thumb Code    78  finsh_vm.o(.text)
    finsh_token_init                         0x08014ffd   Thumb Code    20  finsh_token.o(.text)
    token_get_string                         0x08015415   Thumb Code   120  finsh_token.o(.text)
    finsh_token_token                        0x0801564d   Thumb Code    24  finsh_token.o(.text)
    finsh_token_get_token                    0x08015665   Thumb Code    20  finsh_token.o(.text)
    libc_system_init                         0x0801567d   Thumb Code    22  libc.o(.text)
    libc_stdio_set_console                   0x08015695   Thumb Code    70  stdio.o(.text)
    libc_stdio_get_console                   0x080156db   Thumb Code     6  stdio.o(.text)
    libc_stdio_read                          0x080156e1   Thumb Code    38  stdio.o(.text)
    libc_stdio_write                         0x08015707   Thumb Code    38  stdio.o(.text)
    _sys_open                                0x08015769   Thumb Code   146  stubs.o(.text)
    _sys_close                               0x080157fb   Thumb Code    20  stubs.o(.text)
    _sys_read                                0x0801580f   Thumb Code    70  stubs.o(.text)
    _sys_write                               0x08015855   Thumb Code    70  stubs.o(.text)
    _sys_seek                                0x0801589b   Thumb Code    28  stubs.o(.text)
    _sys_tmpnam                              0x080158b7   Thumb Code     8  stubs.o(.text)
    _sys_command_string                      0x080158bf   Thumb Code     6  stubs.o(.text)
    _ttywrch                                 0x080158c5   Thumb Code    16  stubs.o(.text)
    _sys_exit                                0x080158d5   Thumb Code     4  stubs.o(.text)
    _sys_flen                                0x080158d9   Thumb Code    30  stubs.o(.text)
    _sys_istty                               0x080158f7   Thumb Code    18  stubs.o(.text)
    remove                                   0x08015909   Thumb Code    12  stubs.o(.text)
    system                                   0x08015915   Thumb Code    16  stubs.o(.text)
    fputc                                    0x08015925   Thumb Code    26  stubs.o(.text)
    fgetc                                    0x0801593f   Thumb Code    28  stubs.o(.text)
    gettimeofday                             0x08015971   Thumb Code    44  time.o(.text)
    time                                     0x0801599d   Thumb Code    10  time.o(.text)
    clock                                    0x080159a7   Thumb Code     8  time.o(.text)
    posix_mq_system_init                     0x080159b5   Thumb Code    16  mqueue.o(.text)
    mq_setattr                               0x08015a3f   Thumb Code    22  mqueue.o(.text)
    mq_getattr                               0x08015a55   Thumb Code    44  mqueue.o(.text)
    mq_open                                  0x08015a81   Thumb Code   210  mqueue.o(.text)
    mq_receive                               0x08015b53   Thumb Code    64  mqueue.o(.text)
    mq_send                                  0x08015b93   Thumb Code    60  mqueue.o(.text)
    mq_timedreceive                          0x08015bcf   Thumb Code    86  mqueue.o(.text)
    mq_timedsend                             0x08015c25   Thumb Code    32  mqueue.o(.text)
    mq_notify                                0x08015c45   Thumb Code    20  mqueue.o(.text)
    mq_close                                 0x08015c59   Thumb Code    58  mqueue.o(.text)
    mq_unlink                                0x08015c93   Thumb Code    66  mqueue.o(.text)
    pthread_system_init                      0x08015d15   Thumb Code    18  pthread.o(.text)
    pthread_detach                           0x08015d27   Thumb Code   120  pthread.o(.text)
    pthread_create                           0x08015dd5   Thumb Code   354  pthread.o(.text)
    pthread_join                             0x08015f37   Thumb Code    76  pthread.o(.text)
    pthread_exit                             0x08015f83   Thumb Code   140  pthread.o(.text)
    pthread_once                             0x0801600f   Thumb Code    60  pthread.o(.text)
    pthread_atfork                           0x0801604b   Thumb Code     6  pthread.o(.text)
    pthread_kill                             0x08016051   Thumb Code     6  pthread.o(.text)
    pthread_cleanup_pop                      0x08016057   Thumb Code    68  pthread.o(.text)
    pthread_cleanup_push                     0x0801609b   Thumb Code   248  pthread.o(.text)
    pthread_setcancelstate                   0x08016193   Thumb Code    66  pthread.o(.text)
    pthread_setcanceltype                    0x080161d5   Thumb Code    64  pthread.o(.text)
    pthread_testcancel                       0x08016215   Thumb Code    54  pthread.o(.text)
    pthread_cancel                           0x0801624b   Thumb Code    68  pthread.o(.text)
    pthread_attr_init                        0x080162a1   Thumb Code    28  pthread_attr.o(.text)
    pthread_attr_destroy                     0x080162bd   Thumb Code    26  pthread_attr.o(.text)
    pthread_attr_setdetachstate              0x080162d7   Thumb Code    34  pthread_attr.o(.text)
    pthread_attr_getdetachstate              0x080162f9   Thumb Code    26  pthread_attr.o(.text)
    pthread_attr_setschedpolicy              0x08016313   Thumb Code    24  pthread_attr.o(.text)
    pthread_attr_getschedpolicy              0x0801632b   Thumb Code    26  pthread_attr.o(.text)
    pthread_attr_setschedparam               0x08016345   Thumb Code    38  pthread_attr.o(.text)
    pthread_attr_getschedparam               0x0801636b   Thumb Code    38  pthread_attr.o(.text)
    pthread_attr_setstacksize                0x08016391   Thumb Code    24  pthread_attr.o(.text)
    pthread_attr_getstacksize                0x080163a9   Thumb Code    26  pthread_attr.o(.text)
    pthread_attr_setstackaddr                0x080163c3   Thumb Code    22  pthread_attr.o(.text)
    pthread_attr_getstackaddr                0x080163d9   Thumb Code    22  pthread_attr.o(.text)
    pthread_attr_setstack                    0x080163ef   Thumb Code    32  pthread_attr.o(.text)
    pthread_attr_getstack                    0x0801640f   Thumb Code    32  pthread_attr.o(.text)
    pthread_attr_setguardsize                0x0801642f   Thumb Code     6  pthread_attr.o(.text)
    pthread_attr_getguardsize                0x08016435   Thumb Code     6  pthread_attr.o(.text)
    pthread_attr_setscope                    0x0801643b   Thumb Code    20  pthread_attr.o(.text)
    pthread_attr_getscope                    0x0801644f   Thumb Code     6  pthread_attr.o(.text)
    pthread_key_system_init                  0x080164e9   Thumb Code    14  pthread_tls.o(.text)
    pthread_getspecific                      0x080164f7   Thumb Code    60  pthread_tls.o(.text)
    pthread_setspecific                      0x08016533   Thumb Code    72  pthread_tls.o(.text)
    pthread_key_create                       0x0801657b   Thumb Code    62  pthread_tls.o(.text)
    pthread_key_delete                       0x080165b9   Thumb Code    38  pthread_tls.o(.text)
    posix_sem_system_init                    0x08016641   Thumb Code    16  semaphore.o(.text)
    sem_close                                0x080166cb   Thumb Code    60  semaphore.o(.text)
    sem_destroy                              0x08016707   Thumb Code    76  semaphore.o(.text)
    sem_unlink                               0x08016753   Thumb Code    66  semaphore.o(.text)
    sem_getvalue                             0x08016795   Thumb Code    32  semaphore.o(.text)
    sem_init                                 0x080167b5   Thumb Code   106  semaphore.o(.text)
    sem_open                                 0x0801681f   Thumb Code   200  semaphore.o(.text)
    sem_post                                 0x080168e7   Thumb Code    44  semaphore.o(.text)
    sem_timedwait                            0x08016913   Thumb Code    70  semaphore.o(.text)
    sem_trywait                              0x08016959   Thumb Code    62  semaphore.o(.text)
    sem_wait                                 0x08016997   Thumb Code    48  semaphore.o(.text)
    clock_time_system_init                   0x080169f5   Thumb Code    76  clock_time.o(.text)
    clock_gettime                            0x08016a41   Thumb Code   106  clock_time.o(.text)
    clock_time_to_tick                       0x08016aab   Thumb Code   108  clock_time.o(.text)
    clock_getres                             0x08016b17   Thumb Code    52  clock_time.o(.text)
    clock_settime                            0x08016b4b   Thumb Code   114  clock_time.o(.text)
    __aeabi_ldivmod                          0x08016be1   Thumb Code    98  ldiv.o(.text)
    mktime                                   0x08016c45   Thumb Code   150  mktime.o(.text)
    __aeabi_memcpy                           0x08016ced   Thumb Code    36  memcpya.o(.text)
    __aeabi_memcpy4                          0x08016ced   Thumb Code     0  memcpya.o(.text)
    __aeabi_memcpy8                          0x08016ced   Thumb Code     0  memcpya.o(.text)
    __aeabi_memset                           0x08016d11   Thumb Code    14  memseta.o(.text)
    __aeabi_memset4                          0x08016d11   Thumb Code     0  memseta.o(.text)
    __aeabi_memset8                          0x08016d11   Thumb Code     0  memseta.o(.text)
    __aeabi_memclr                           0x08016d1f   Thumb Code     4  memseta.o(.text)
    __aeabi_memclr4                          0x08016d1f   Thumb Code     0  memseta.o(.text)
    __aeabi_memclr8                          0x08016d1f   Thumb Code     0  memseta.o(.text)
    _memset$wrapper                          0x08016d23   Thumb Code    18  memseta.o(.text)
    strcat                                   0x08016d35   Thumb Code    24  strcat.o(.text)
    strstr                                   0x08016d4d   Thumb Code    36  strstr.o(.text)
    strncpy                                  0x08016d71   Thumb Code    24  strncpy.o(.text)
    strlen                                   0x08016d89   Thumb Code    14  strlen.o(.text)
    strcmp                                   0x08016d97   Thumb Code    28  strcmp.o(.text)
    memcmp                                   0x08016db3   Thumb Code    26  memcmp.o(.text)
    strcpy                                   0x08016dcd   Thumb Code    18  strcpy.o(.text)
    strncmp                                  0x08016ddf   Thumb Code    30  strncmp.o(.text)
    strrchr                                  0x08016dfd   Thumb Code    32  strrchr.o(.text)
    atoi                                     0x08016e1d   Thumb Code    26  atoi.o(.text)
    __aeabi_uldivmod                         0x08016e37   Thumb Code    98  uldiv.o(.text)
    localtime                                0x08016e99   Thumb Code     6  localtime_w.o(.text)
    _localtime                               0x08016ea5   Thumb Code   134  localtime_i.o(.text)
    strtol                                   0x08016f31   Thumb Code   112  strtol.o(.text)
    __scatterload                            0x08016fa1   Thumb Code    28  init.o(.text)
    __scatterload_rt2                        0x08016fa1   Thumb Code     0  init.o(.text)
    __aeabi_llsl                             0x08016fc5   Thumb Code    30  llshl.o(.text)
    _ll_shift_l                              0x08016fc5   Thumb Code     0  llshl.o(.text)
    __aeabi_llsr                             0x08016fe3   Thumb Code    32  llushr.o(.text)
    _ll_ushift_r                             0x08016fe3   Thumb Code     0  llushr.o(.text)
    __rt_ctype_table                         0x08017005   Thumb Code     4  ctype_o.o(.text)
    _strtoul                                 0x0801700d   Thumb Code   158  _strtoul.o(.text)
    _chval                                   0x080170ab   Thumb Code    28  _chval.o(.text)
    __decompress                             0x080170c7   Thumb Code     0  __dczerorl2.o(.text)
    __decompress1                            0x080170c7   Thumb Code    86  __dczerorl2.o(.text)
    __0snprintf$2                            0x0801711d   Thumb Code    44  printf2.o(i.__0snprintf$2)
    __1snprintf$2                            0x0801711d   Thumb Code     0  printf2.o(i.__0snprintf$2)
    __2snprintf                              0x0801711d   Thumb Code     0  printf2.o(i.__0snprintf$2)
    __aeabi_errno_addr                       0x0801714d   Thumb Code     4  errno.o(i.__aeabi_errno_addr)
    __rt_errno_addr                          0x0801714d   Thumb Code     0  errno.o(i.__aeabi_errno_addr)
    __scatterload_copy                       0x08017155   Thumb Code    14  handlers.o(i.__scatterload_copy)
    __scatterload_null                       0x08017163   Thumb Code     2  handlers.o(i.__scatterload_null)
    __scatterload_zeroinit                   0x08017165   Thumb Code    14  handlers.o(i.__scatterload_zeroinit)
    getc                                     0x0801725f   Thumb Code     4  getc.o(i.getc)
    __lowest_bit_bitmap                      0x0801755b   Data         256  kservice.o(.constdata)
    op_table                                 0x08018660   Data         196  finsh_ops.o(.constdata)
    __stdin_name                             0x08018764   Data           6  stubs.o(.constdata)
    __stdout_name                            0x0801876a   Data           7  stubs.o(.constdata)
    __stderr_name                            0x08018771   Data           7  stubs.o(.constdata)
    pthread_default_attr                     0x08018828   Data          12  pthread_attr.o(.constdata)
    __ctype_table                            0x080189fa   Data         129  ctype_o.o(.constdata)
    __fsym_list_mem_name                     0x08018ffa   Data           9  mem.o(.rodata.name)
    __fsym_list_mem_desc                     0x08019003   Data          30  mem.o(.rodata.name)
    __fsym___cmd_list_fd_name                0x08019021   Data          14  dfs.o(.rodata.name)
    __fsym___cmd_list_fd_desc                0x0801902f   Data          21  dfs.o(.rodata.name)
    __fsym_ls_name                           0x08019044   Data           3  dfs_file.o(.rodata.name)
    __fsym_ls_desc                           0x08019047   Data          24  dfs_file.o(.rodata.name)
    __fsym_rm_name                           0x0801905f   Data           3  dfs_file.o(.rodata.name)
    __fsym_rm_desc                           0x08019062   Data          28  dfs_file.o(.rodata.name)
    __fsym_cat_name                          0x0801907e   Data           4  dfs_file.o(.rodata.name)
    __fsym_cat_desc                          0x08019082   Data          11  dfs_file.o(.rodata.name)
    __fsym_copy_name                         0x0801908d   Data           5  dfs_file.o(.rodata.name)
    __fsym_copy_desc                         0x08019092   Data          17  dfs_file.o(.rodata.name)
    __fsym_mkfs_name                         0x080190a3   Data           5  dfs_fs.o(.rodata.name)
    __fsym_mkfs_desc                         0x080190a8   Data          19  dfs_fs.o(.rodata.name)
    __fsym_df_name                           0x080190bb   Data           3  dfs_fs.o(.rodata.name)
    __fsym_df_desc                           0x080190be   Data          14  dfs_fs.o(.rodata.name)
    __fsym_mkdir_name                        0x080190cc   Data           6  dfs_posix.o(.rodata.name)
    __fsym_mkdir_desc                        0x080190d2   Data          19  dfs_posix.o(.rodata.name)
    __fsym_cd_name                           0x080190e5   Data           3  dfs_posix.o(.rodata.name)
    __fsym_cd_desc                           0x080190e8   Data          33  dfs_posix.o(.rodata.name)
    __fsym_pinMode_name                      0x08019109   Data           8  pin.o(.rodata.name)
    __fsym_pinMode_desc                      0x08019111   Data          22  pin.o(.rodata.name)
    __fsym_pinWrite_name                     0x08019127   Data           9  pin.o(.rodata.name)
    __fsym_pinWrite_desc                     0x08019130   Data          28  pin.o(.rodata.name)
    __fsym_pinRead_name                      0x0801914c   Data           8  pin.o(.rodata.name)
    __fsym_pinRead_desc                      0x08019154   Data          30  pin.o(.rodata.name)
    __fsym_hello_name                        0x08019172   Data           6  cmd.o(.rodata.name)
    __fsym_hello_desc                        0x08019178   Data          16  cmd.o(.rodata.name)
    __fsym_version_name                      0x08019188   Data           8  cmd.o(.rodata.name)
    __fsym_version_desc                      0x08019190   Data          35  cmd.o(.rodata.name)
    __fsym___cmd_version_name                0x080191b3   Data          14  cmd.o(.rodata.name)
    __fsym___cmd_version_desc                0x080191c1   Data          35  cmd.o(.rodata.name)
    __fsym_list_thread_name                  0x080191e4   Data          12  cmd.o(.rodata.name)
    __fsym_list_thread_desc                  0x080191f0   Data          12  cmd.o(.rodata.name)
    __fsym___cmd_list_thread_name            0x080191fc   Data          18  cmd.o(.rodata.name)
    __fsym___cmd_list_thread_desc            0x0801920e   Data          12  cmd.o(.rodata.name)
    __fsym_list_sem_name                     0x0801921a   Data           9  cmd.o(.rodata.name)
    __fsym_list_sem_desc                     0x08019223   Data          25  cmd.o(.rodata.name)
    __fsym___cmd_list_sem_name               0x0801923c   Data          15  cmd.o(.rodata.name)
    __fsym___cmd_list_sem_desc               0x0801924b   Data          25  cmd.o(.rodata.name)
    __fsym_list_event_name                   0x08019264   Data          11  cmd.o(.rodata.name)
    __fsym_list_event_desc                   0x0801926f   Data          21  cmd.o(.rodata.name)
    __fsym___cmd_list_event_name             0x08019284   Data          17  cmd.o(.rodata.name)
    __fsym___cmd_list_event_desc             0x08019295   Data          21  cmd.o(.rodata.name)
    __fsym_list_mutex_name                   0x080192aa   Data          11  cmd.o(.rodata.name)
    __fsym_list_mutex_desc                   0x080192b5   Data          21  cmd.o(.rodata.name)
    __fsym___cmd_list_mutex_name             0x080192ca   Data          17  cmd.o(.rodata.name)
    __fsym___cmd_list_mutex_desc             0x080192db   Data          21  cmd.o(.rodata.name)
    __fsym_list_mailbox_name                 0x080192f0   Data          13  cmd.o(.rodata.name)
    __fsym_list_mailbox_desc                 0x080192fd   Data          24  cmd.o(.rodata.name)
    __fsym___cmd_list_mailbox_name           0x08019315   Data          19  cmd.o(.rodata.name)
    __fsym___cmd_list_mailbox_desc           0x08019328   Data          24  cmd.o(.rodata.name)
    __fsym_list_msgqueue_name                0x08019340   Data          14  cmd.o(.rodata.name)
    __fsym_list_msgqueue_desc                0x0801934e   Data          29  cmd.o(.rodata.name)
    __fsym___cmd_list_msgqueue_name          0x0801936b   Data          20  cmd.o(.rodata.name)
    __fsym___cmd_list_msgqueue_desc          0x0801937f   Data          29  cmd.o(.rodata.name)
    __fsym_list_memheap_name                 0x0801939c   Data          13  cmd.o(.rodata.name)
    __fsym_list_memheap_desc                 0x080193a9   Data          27  cmd.o(.rodata.name)
    __fsym___cmd_list_memheap_name           0x080193c4   Data          19  cmd.o(.rodata.name)
    __fsym___cmd_list_memheap_desc           0x080193d7   Data          27  cmd.o(.rodata.name)
    __fsym_list_mempool_name                 0x080193f2   Data          13  cmd.o(.rodata.name)
    __fsym_list_mempool_desc                 0x080193ff   Data          27  cmd.o(.rodata.name)
    __fsym___cmd_list_mempool_name           0x0801941a   Data          19  cmd.o(.rodata.name)
    __fsym___cmd_list_mempool_desc           0x0801942d   Data          27  cmd.o(.rodata.name)
    __fsym_list_timer_name                   0x08019448   Data          11  cmd.o(.rodata.name)
    __fsym_list_timer_desc                   0x08019453   Data          21  cmd.o(.rodata.name)
    __fsym___cmd_list_timer_name             0x08019468   Data          17  cmd.o(.rodata.name)
    __fsym___cmd_list_timer_desc             0x08019479   Data          21  cmd.o(.rodata.name)
    __fsym_list_device_name                  0x0801948e   Data          12  cmd.o(.rodata.name)
    __fsym_list_device_desc                  0x0801949a   Data          22  cmd.o(.rodata.name)
    __fsym___cmd_list_device_name            0x080194b0   Data          18  cmd.o(.rodata.name)
    __fsym___cmd_list_device_desc            0x080194c2   Data          22  cmd.o(.rodata.name)
    __fsym_list_name                         0x080194d8   Data           5  cmd.o(.rodata.name)
    __fsym_list_desc                         0x080194dd   Data          26  cmd.o(.rodata.name)
    __vsym_dummy_name                        0x080194f7   Data           6  cmd.o(.rodata.name)
    __vsym_dummy_desc                        0x080194fd   Data          25  cmd.o(.rodata.name)
    __fsym___cmd_exit_name                   0x08019516   Data          11  msh.o(.rodata.name)
    __fsym___cmd_exit_desc                   0x08019521   Data          32  msh.o(.rodata.name)
    __fsym_msh_name                          0x08019541   Data           4  msh.o(.rodata.name)
    __fsym_msh_desc                          0x08019545   Data          17  msh.o(.rodata.name)
    __fsym___cmd_help_name                   0x08019556   Data          11  msh.o(.rodata.name)
    __fsym___cmd_help_desc                   0x08019561   Data          22  msh.o(.rodata.name)
    __fsym___cmd_ls_name                     0x08019577   Data           9  msh_cmd.o(.rodata.name)
    __fsym___cmd_ls_desc                     0x08019580   Data          34  msh_cmd.o(.rodata.name)
    __fsym___cmd_cp_name                     0x080195a2   Data           9  msh_cmd.o(.rodata.name)
    __fsym___cmd_cp_desc                     0x080195ab   Data          21  msh_cmd.o(.rodata.name)
    __fsym___cmd_mv_name                     0x080195c0   Data           9  msh_cmd.o(.rodata.name)
    __fsym___cmd_mv_desc                     0x080195c9   Data          23  msh_cmd.o(.rodata.name)
    __fsym___cmd_cat_name                    0x080195e0   Data          10  msh_cmd.o(.rodata.name)
    __fsym___cmd_cat_desc                    0x080195ea   Data          20  msh_cmd.o(.rodata.name)
    __fsym___cmd_rm_name                     0x080195fe   Data           9  msh_cmd.o(.rodata.name)
    __fsym___cmd_rm_desc                     0x08019607   Data          28  msh_cmd.o(.rodata.name)
    __fsym___cmd_cd_name                     0x08019623   Data           9  msh_cmd.o(.rodata.name)
    __fsym___cmd_cd_desc                     0x0801962c   Data          36  msh_cmd.o(.rodata.name)
    __fsym___cmd_pwd_name                    0x08019650   Data          10  msh_cmd.o(.rodata.name)
    __fsym___cmd_pwd_desc                    0x0801965a   Data          49  msh_cmd.o(.rodata.name)
    __fsym___cmd_mkdir_name                  0x0801968b   Data          12  msh_cmd.o(.rodata.name)
    __fsym___cmd_mkdir_desc                  0x08019697   Data          22  msh_cmd.o(.rodata.name)
    __fsym___cmd_mkfs_name                   0x080196ad   Data          11  msh_cmd.o(.rodata.name)
    __fsym___cmd_mkfs_desc                   0x080196b8   Data          29  msh_cmd.o(.rodata.name)
    __fsym___cmd_df_name                     0x080196d5   Data           9  msh_cmd.o(.rodata.name)
    __fsym___cmd_df_desc                     0x080196de   Data          10  msh_cmd.o(.rodata.name)
    __fsym___cmd_echo_name                   0x080196e8   Data          11  msh_cmd.o(.rodata.name)
    __fsym___cmd_echo_desc                   0x080196f3   Data          20  msh_cmd.o(.rodata.name)
    __fsym___cmd_ps_name                     0x08019707   Data           9  msh_cmd.o(.rodata.name)
    __fsym___cmd_ps_desc                     0x08019710   Data          28  msh_cmd.o(.rodata.name)
    __fsym___cmd_time_name                   0x0801972c   Data          11  msh_cmd.o(.rodata.name)
    __fsym___cmd_time_desc                   0x08019737   Data          27  msh_cmd.o(.rodata.name)
    __fsym___cmd_free_name                   0x08019752   Data          11  msh_cmd.o(.rodata.name)
    __fsym___cmd_free_desc                   0x0801975d   Data          37  msh_cmd.o(.rodata.name)
    __rt_init_rti_start                      0x08019784   Data           4  components.o(.rti_fn.0)
    __rt_init_rti_board_start                0x08019788   Data           4  components.o(.rti_fn.0.end)
    __rt_init_stm32_hw_usart_init            0x0801978c   Data           4  usart.o(.rti_fn.1)
    __rt_init_stm32_hw_pin_init              0x08019790   Data           4  gpio.o(.rti_fn.1)
    __rt_init_rti_board_end                  0x08019794   Data           4  components.o(.rti_fn.1.end)
    __rt_init_dfs_init                       0x08019798   Data           4  dfs.o(.rti_fn.2)
    __rt_init_elm_init                       0x0801979c   Data           4  dfs_elm.o(.rti_fn.4)
    __rt_init_libc_system_init               0x080197a0   Data           4  libc.o(.rti_fn.4)
    __rt_init_pthread_system_init            0x080197a4   Data           4  pthread.o(.rti_fn.4)
    __rt_init_clock_time_system_init         0x080197a8   Data           4  clock_time.o(.rti_fn.4)
    __rt_init_finsh_system_init              0x080197ac   Data           4  shell.o(.rti_fn.6)
    __rt_init_rti_end                        0x080197b0   Data           4  components.o(.rti_fn.6.end)
    FSymTab$$Base                            0x080197b4   Number         0  mem.o(FSymTab)
    __fsym_list_mem                          0x080197b4   Data          12  mem.o(FSymTab)
    __fsym___cmd_list_fd                     0x080197c0   Data          12  dfs.o(FSymTab)
    __fsym_ls                                0x080197cc   Data          12  dfs_file.o(FSymTab)
    __fsym_rm                                0x080197d8   Data          12  dfs_file.o(FSymTab)
    __fsym_cat                               0x080197e4   Data          12  dfs_file.o(FSymTab)
    __fsym_copy                              0x080197f0   Data          12  dfs_file.o(FSymTab)
    __fsym_mkfs                              0x080197fc   Data          12  dfs_fs.o(FSymTab)
    __fsym_df                                0x08019808   Data          12  dfs_fs.o(FSymTab)
    __fsym_mkdir                             0x08019814   Data          12  dfs_posix.o(FSymTab)
    __fsym_cd                                0x08019820   Data          12  dfs_posix.o(FSymTab)
    __fsym_pinMode                           0x0801982c   Data          12  pin.o(FSymTab)
    __fsym_pinWrite                          0x08019838   Data          12  pin.o(FSymTab)
    __fsym_pinRead                           0x08019844   Data          12  pin.o(FSymTab)
    __fsym_hello                             0x08019850   Data          12  cmd.o(FSymTab)
    __fsym_version                           0x0801985c   Data          12  cmd.o(FSymTab)
    __fsym___cmd_version                     0x08019868   Data          12  cmd.o(FSymTab)
    __fsym_list_thread                       0x08019874   Data          12  cmd.o(FSymTab)
    __fsym___cmd_list_thread                 0x08019880   Data          12  cmd.o(FSymTab)
    __fsym_list_sem                          0x0801988c   Data          12  cmd.o(FSymTab)
    __fsym___cmd_list_sem                    0x08019898   Data          12  cmd.o(FSymTab)
    __fsym_list_event                        0x080198a4   Data          12  cmd.o(FSymTab)
    __fsym___cmd_list_event                  0x080198b0   Data          12  cmd.o(FSymTab)
    __fsym_list_mutex                        0x080198bc   Data          12  cmd.o(FSymTab)
    __fsym___cmd_list_mutex                  0x080198c8   Data          12  cmd.o(FSymTab)
    __fsym_list_mailbox                      0x080198d4   Data          12  cmd.o(FSymTab)
    __fsym___cmd_list_mailbox                0x080198e0   Data          12  cmd.o(FSymTab)
    __fsym_list_msgqueue                     0x080198ec   Data          12  cmd.o(FSymTab)
    __fsym___cmd_list_msgqueue               0x080198f8   Data          12  cmd.o(FSymTab)
    __fsym_list_memheap                      0x08019904   Data          12  cmd.o(FSymTab)
    __fsym___cmd_list_memheap                0x08019910   Data          12  cmd.o(FSymTab)
    __fsym_list_mempool                      0x0801991c   Data          12  cmd.o(FSymTab)
    __fsym___cmd_list_mempool                0x08019928   Data          12  cmd.o(FSymTab)
    __fsym_list_timer                        0x08019934   Data          12  cmd.o(FSymTab)
    __fsym___cmd_list_timer                  0x08019940   Data          12  cmd.o(FSymTab)
    __fsym_list_device                       0x0801994c   Data          12  cmd.o(FSymTab)
    __fsym___cmd_list_device                 0x08019958   Data          12  cmd.o(FSymTab)
    __fsym_list                              0x08019964   Data          12  cmd.o(FSymTab)
    __fsym___cmd_exit                        0x08019970   Data          12  msh.o(FSymTab)
    __fsym_msh                               0x0801997c   Data          12  msh.o(FSymTab)
    __fsym___cmd_help                        0x08019988   Data          12  msh.o(FSymTab)
    __fsym___cmd_ls                          0x08019994   Data          12  msh_cmd.o(FSymTab)
    __fsym___cmd_cp                          0x080199a0   Data          12  msh_cmd.o(FSymTab)
    __fsym___cmd_mv                          0x080199ac   Data          12  msh_cmd.o(FSymTab)
    __fsym___cmd_cat                         0x080199b8   Data          12  msh_cmd.o(FSymTab)
    __fsym___cmd_rm                          0x080199c4   Data          12  msh_cmd.o(FSymTab)
    __fsym___cmd_cd                          0x080199d0   Data          12  msh_cmd.o(FSymTab)
    __fsym___cmd_pwd                         0x080199dc   Data          12  msh_cmd.o(FSymTab)
    __fsym___cmd_mkdir                       0x080199e8   Data          12  msh_cmd.o(FSymTab)
    __fsym___cmd_mkfs                        0x080199f4   Data          12  msh_cmd.o(FSymTab)
    __fsym___cmd_df                          0x08019a00   Data          12  msh_cmd.o(FSymTab)
    __fsym___cmd_echo                        0x08019a0c   Data          12  msh_cmd.o(FSymTab)
    __fsym___cmd_ps                          0x08019a18   Data          12  msh_cmd.o(FSymTab)
    __fsym___cmd_time                        0x08019a24   Data          12  msh_cmd.o(FSymTab)
    __fsym___cmd_free                        0x08019a30   Data          12  msh_cmd.o(FSymTab)
    FSymTab$$Limit                           0x08019a3c   Number         0  msh_cmd.o(FSymTab)
    Region$$Table$$Base                      0x08019a3c   Number         0  anon$$obj.o(Region$$Table)
    Region$$Table$$Limit                     0x08019a5c   Number         0  anon$$obj.o(Region$$Table)
    VSymTab$$Base                            0x08019a5c   Number         0  cmd.o(VSymTab)
    __vsym_dummy                             0x08019a5c   Data          16  cmd.o(VSymTab)
    VSymTab$$Limit                           0x08019a6c   Number         0  cmd.o(VSymTab)
    rt_interrupt_nest                        0x2000000c   Data           1  irq.o(.data)
    rt_assert_hook                           0x20000018   Data           4  kservice.o(.data)
    rt_object_trytake_hook                   0x200000e4   Data           4  object.o(.data)
    rt_object_take_hook                      0x200000e8   Data           4  object.o(.data)
    rt_object_put_hook                       0x200000ec   Data           4  object.o(.data)
    rt_thread_ready_priority_group           0x200000f0   Data           4  scheduler.o(.data)
    rt_current_thread                        0x200000f8   Data           4  scheduler.o(.data)
    rt_current_priority                      0x200000fc   Data           1  scheduler.o(.data)
    rt_thread_defunct                        0x20000100   Data           8  scheduler.o(.data)
    uart1                                    0x2000014c   Data          32  usart.o(.data)
    uart2                                    0x2000016c   Data          32  usart.o(.data)
    uart3                                    0x2000018c   Data          32  usart.o(.data)
    pin_irq_hdr_tab                          0x200001ac   Data         192  gpio.o(.data)
    SystemCoreClock                          0x20000280   Data           4  system_stm32f4xx.o(.data)
    AHBPrescTable                            0x20000284   Data          16  system_stm32f4xx.o(.data)
    rt_interrupt_from_thread                 0x200002a4   Data           4  cpuport.o(.data)
    rt_interrupt_to_thread                   0x200002a8   Data           4  cpuport.o(.data)
    rt_thread_switch_interrupt_flag          0x200002ac   Data           4  cpuport.o(.data)
    filesystem_operation_table               0x200002b4   Data           8  dfs.o(.data)
    working_directory                        0x200002bc   Data         256  dfs.o(.data)
    shell                                    0x200003dc   Data           4  shell.o(.data)
    _syscall_table_begin                     0x200003e4   Data           4  symbol.o(.data)
    _syscall_table_end                       0x200003e8   Data           4  symbol.o(.data)
    _sysvar_table_begin                      0x200003ec   Data           4  symbol.o(.data)
    _sysvar_table_end                        0x200003f0   Data           4  symbol.o(.data)
    finsh_compile_sp                         0x200003fc   Data           4  finsh_compiler.o(.data)
    finsh_compile_pc                         0x20000400   Data           4  finsh_compiler.o(.data)
    global_errno                             0x20000404   Data           1  finsh_error.o(.data)
    global_sysvar_list                       0x2000044c   Data           4  finsh_var.o(.data)
    finsh_sp                                 0x20000450   Data           4  finsh_vm.o(.data)
    finsh_pc                                 0x20000454   Data           4  finsh_vm.o(.data)
    global_syscall_list                      0x20000458   Data           4  finsh_vm.o(.data)
    __stdin                                  0x20000478   Data           4  stdin.o(.data)
    rt_thread_priority_table                 0x200009b0   Data         256  scheduler.o(.bss)
    thread_adxl355_handle                    0x200012b0   Data         128  main.o(.bss)
    thread_adxrs453_handle                   0x20001b30   Data         128  main.o(.bss)
    serial1                                  0x20001dcc   Data         100  usart.o(.bss)
    serial2                                  0x20001e30   Data         100  usart.o(.bss)
    serial3                                  0x20001e94   Data         100  usart.o(.bss)
    filesystem_table                         0x20001ef8   Data          32  dfs.o(.bss)
    finsh_heap                               0x2000213c   Data         128  finsh_heap.o(.bss)
    global_node_table                        0x200021bc   Data         320  finsh_node.o(.bss)
    global_variable                          0x200022fc   Data         192  finsh_var.o(.bss)
    finsh_vm_stack                           0x200023bc   Data         256  finsh_vm.o(.bss)
    text_segment                             0x200024bc   Data         128  finsh_vm.o(.bss)
    _thread_keys                             0x2000255c   Data          64  pthread_tls.o(.bss)
    Image$$RW_IRAM1$$ZI$$Limit               0x200029e8   Number         0  anon$$obj.o ABSOLUTE
    __initial_sp                             0x200029e8   Data           0  startup_stm32f4xx.o(STACK)



==============================================================================

Memory Map of the image

  Image Entry point : 0x08000189

  Load Region LR_IROM1 (Base: 0x08000000, Size: 0x00019eec, Max: 0x00100000, ABSOLUTE, COMPRESSED[0x00019b50])

    Execution Region ER_IROM1 (Base: 0x08000000, Size: 0x00019a6c, Max: 0x00100000, ABSOLUTE)

    Base Addr    Size         Type   Attr      Idx    E Section Name        Object

    0x08000000   0x00000188   Data   RO         1489    RESET               startup_stm32f4xx.o
    0x08000188   0x00000000   Code   RO         2957  * .ARM.Collect$$$$00000000  mc_w.l(entry.o)
    0x08000188   0x00000004   Code   RO         3259    .ARM.Collect$$$$00000001  mc_w.l(entry2.o)
    0x0800018c   0x00000004   Code   RO         3262    .ARM.Collect$$$$00000004  mc_w.l(entry5.o)
    0x08000190   0x00000000   Code   RO         3264    .ARM.Collect$$$$00000008  mc_w.l(entry7b.o)
    0x08000190   0x00000000   Code   RO         3266    .ARM.Collect$$$$0000000A  mc_w.l(entry8b.o)
    0x08000190   0x00000008   Code   RO         3267    .ARM.Collect$$$$0000000B  mc_w.l(entry9a.o)
    0x08000198   0x00000000   Code   RO         3269    .ARM.Collect$$$$0000000D  mc_w.l(entry10a.o)
    0x08000198   0x00000000   Code   RO         3271    .ARM.Collect$$$$0000000F  mc_w.l(entry11a.o)
    0x08000198   0x00000004   Code   RO         3260    .ARM.Collect$$$$00002712  mc_w.l(entry2.o)
    0x0800019c   0x0000006c   Code   RO            1    .text               clock.o
    0x08000208   0x000000d8   Code   RO           82    .text               components.o
    0x080002e0   0x0000056e   Code   RO          107    .text               device.o
    0x0800084e   0x00000002   PAD
    0x08000850   0x000001f4   Code   RO          162    .text               idle.o
    0x08000a44   0x00001c08   Code   RO          181    .text               ipc.o
    0x0800264c   0x0000008c   Code   RO          199    .text               irq.o
    0x080026d8   0x00000ac4   Code   RO          214    .text               kservice.o
    0x0800319c   0x000008b8   Code   RO          234    .text               mem.o
    0x08003a54   0x00000374   Code   RO          299    .text               object.o
    0x08003dc8   0x0000038c   Code   RO          318    .text               scheduler.o
    0x08004154   0x000007d4   Code   RO          354    .text               thread.o
    0x08004928   0x000005bc   Code   RO          374    .text               timer.o
    0x08004ee4   0x00000080   Code   RO          393    .text               main.o
    0x08004f64   0x000002c0   Code   RO          417    .text               board.o
    0x08005224   0x00000010   Code   RO          564    .text               stm32f4xx_it.o
    0x08005234   0x000005d0   Code   RO          592    .text               usart.o
    0x08005804   0x000005f8   Code   RO          626    .text               gpio.o
    0x08005dfc   0x000004c8   Code   RO          655    .text               stm32f4_spi.o
    0x080062c4   0x0000000a   Code   RO          681    .text               adxl355.o
    0x080062ce   0x0000000a   Code   RO          696    .text               adxrs453.o
    0x080062d8   0x00000210   Code   RO          714    .text               system_stm32f4xx.o
    0x080064e8   0x000000e0   Code   RO          744    .text               misc.o
    0x080065c8   0x000003a8   Code   RO         1008    .text               stm32f4xx_dma.o
    0x08006970   0x0000011c   Code   RO         1032    .text               stm32f4xx_exti.o
    0x08006a8c   0x0000025c   Code   RO         1104    .text               stm32f4xx_gpio.o
    0x08006ce8   0x00000588   Code   RO         1272    .text               stm32f4xx_rcc.o
    0x08007270   0x000003f8   Code   RO         1370    .text               stm32f4xx_spi.o
    0x08007668   0x0000008c   Code   RO         1394    .text               stm32f4xx_syscfg.o
    0x080076f4   0x0000041a   Code   RO         1442    .text               stm32f4xx_usart.o
    0x08007b0e   0x00000002   PAD
    0x08007b10   0x00000024   Code   RO         1490    .text               startup_stm32f4xx.o
    0x08007b34   0x0000060c   Code   RO         1528    .text               cpuport.o
    0x08008140   0x00000134   Code   RO         1544    .text               context_rvds.o
    0x08008274   0x00000610   Code   RO         1548    .text               dfs.o
    0x08008884   0x000009b8   Code   RO         1652    .text               dfs_file.o
    0x0800923c   0x00000664   Code   RO         1673    .text               dfs_fs.o
    0x080098a0   0x000006a4   Code   RO         1691    .text               dfs_posix.o
    0x08009f44   0x0000039c   Code   RO         1811    .text               devfs.o
    0x0800a2e0   0x00000b48   Code   RO         1832    .text               dfs_elm.o
    0x0800ae28   0x00002764   Code   RO         1862    .text               ff.o
    0x0800d58c   0x00000250   Code   RO         1883    .text               pin.o
    0x0800d7dc   0x00000ea0   Code   RO         1901    .text               serial.o
    0x0800e67c   0x0000060c   Code   RO         1979    .text               spi_core.o
    0x0800ec88   0x0000020c   Code   RO         2001    .text               spi_dev.o
    0x0800ee94   0x000001cc   Code   RO         2014    .text               completion.o
    0x0800f060   0x00000424   Code   RO         2030    .text               dataqueue.o
    0x0800f484   0x000001ac   Code   RO         2154    .text               waitqueue.o
    0x0800f630   0x000009a8   Code   RO         2183    .text               shell.o
    0x0800ffd8   0x0000113c   Code   RO         2224    .text               cmd.o
    0x08011114   0x00000558   Code   RO         2247    .text               msh.o
    0x0801166c   0x000004e8   Code   RO         2265    .text               msh_cmd.o
    0x08011b54   0x000001a0   Code   RO         2282    .text               msh_file.o
    0x08011cf4   0x00001818   Code   RO         2294    .text               finsh_compiler.o
    0x0801350c   0x0000002c   Code   RO         2331    .text               finsh_error.o
    0x08013538   0x00000210   Code   RO         2347    .text               finsh_heap.o
    0x08013748   0x00000058   Code   RO         2363    .text               finsh_init.o
    0x080137a0   0x00000184   Code   RO         2381    .text               finsh_node.o
    0x08013924   0x00000adc   Code   RO         2396    .text               finsh_ops.o
    0x08014400   0x0000097c   Code   RO         2414    .text               finsh_parser.o
    0x08014d7c   0x0000019c   Code   RO         2429    .text               finsh_var.o
    0x08014f18   0x000000e4   Code   RO         2452    .text               finsh_vm.o
    0x08014ffc   0x00000680   Code   RO         2475    .text               finsh_token.o
    0x0801567c   0x00000016   Code   RO         2490    .text               libc.o
    0x08015692   0x00000002   PAD
    0x08015694   0x000000d4   Code   RO         2532    .text               stdio.o
    0x08015768   0x00000208   Code   RO         2546    .text               stubs.o
    0x08015970   0x00000044   Code   RO         2632    .text               time.o
    0x080159b4   0x0000032c   Code   RO         2662    .text               mqueue.o
    0x08015ce0   0x000005c0   Code   RO         2692    .text               pthread.o
    0x080162a0   0x00000214   Code   RO         2722    .text               pthread_attr.o
    0x080164b4   0x0000018c   Code   RO         2808    .text               pthread_tls.o
    0x08016640   0x000003b4   Code   RO         2836    .text               semaphore.o
    0x080169f4   0x000001ec   Code   RO         2857    .text               clock_time.o
    0x08016be0   0x00000062   Code   RO         2963    .text               mc_w.l(ldiv.o)
    0x08016c42   0x00000002   PAD
    0x08016c44   0x000000a8   Code   RO         2969    .text               mc_w.l(mktime.o)
    0x08016cec   0x00000024   Code   RO         2972    .text               mc_w.l(memcpya.o)
    0x08016d10   0x00000024   Code   RO         2974    .text               mc_w.l(memseta.o)
    0x08016d34   0x00000018   Code   RO         2976    .text               mc_w.l(strcat.o)
    0x08016d4c   0x00000024   Code   RO         2978    .text               mc_w.l(strstr.o)
    0x08016d70   0x00000018   Code   RO         2980    .text               mc_w.l(strncpy.o)
    0x08016d88   0x0000000e   Code   RO         2982    .text               mc_w.l(strlen.o)
    0x08016d96   0x0000001c   Code   RO         2984    .text               mc_w.l(strcmp.o)
    0x08016db2   0x0000001a   Code   RO         2986    .text               mc_w.l(memcmp.o)
    0x08016dcc   0x00000012   Code   RO         2988    .text               mc_w.l(strcpy.o)
    0x08016dde   0x0000001e   Code   RO         2990    .text               mc_w.l(strncmp.o)
    0x08016dfc   0x00000020   Code   RO         2992    .text               mc_w.l(strrchr.o)
    0x08016e1c   0x0000001a   Code   RO         3257    .text               mc_w.l(atoi.o)
    0x08016e36   0x00000062   Code   RO         3276    .text               mc_w.l(uldiv.o)
    0x08016e98   0x0000000c   Code   RO         3278    .text               mc_w.l(localtime_w.o)
    0x08016ea4   0x0000008c   Code   RO         3281    .text               mc_w.l(localtime_i.o)
    0x08016f30   0x00000070   Code   RO         3291    .text               mc_w.l(strtol.o)
    0x08016fa0   0x00000024   Code   RO         3304    .text               mc_w.l(init.o)
    0x08016fc4   0x0000001e   Code   RO         3306    .text               mc_w.l(llshl.o)
    0x08016fe2   0x00000020   Code   RO         3308    .text               mc_w.l(llushr.o)
    0x08017002   0x00000002   PAD
    0x08017004   0x00000008   Code   RO         3312    .text               mc_w.l(ctype_o.o)
    0x0801700c   0x0000009e   Code   RO         3340    .text               mc_w.l(_strtoul.o)
    0x080170aa   0x0000001c   Code   RO         3344    .text               mc_w.l(_chval.o)
    0x080170c6   0x00000056   Code   RO         3354    .text               mc_w.l(__dczerorl2.o)
    0x0801711c   0x00000030   Code   RO         3064    i.__0snprintf$2     mc_w.l(printf2.o)
    0x0801714c   0x00000008   Code   RO         3284    i.__aeabi_errno_addr  mc_w.l(errno.o)
    0x08017154   0x0000000e   Code   RO         3348    i.__scatterload_copy  mc_w.l(handlers.o)
    0x08017162   0x00000002   Code   RO         3349    i.__scatterload_null  mc_w.l(handlers.o)
    0x08017164   0x0000000e   Code   RO         3350    i.__scatterload_zeroinit  mc_w.l(handlers.o)
    0x08017172   0x000000d6   Code   RO         3070    i._printf_core      mc_w.l(printf2.o)
    0x08017248   0x00000016   Code   RO         3071    i._snputc           mc_w.l(printf2.o)
    0x0801725e   0x00000004   Code   RO         2960    i.getc              mc_w.l(getc.o)
    0x08017262   0x00000014   Data   RO           83    .constdata          components.o
    0x08017276   0x000000d8   Data   RO          108    .constdata          device.o
    0x0801734e   0x00000016   Data   RO          164    .constdata          idle.o
    0x08017364   0x000001f7   Data   RO          182    .constdata          ipc.o
    0x0801755b   0x00000122   Data   RO          216    .constdata          kservice.o
    0x0801767d   0x0000003c   Data   RO          236    .constdata          mem.o
    0x080176b9   0x00000080   Data   RO          300    .constdata          object.o
    0x08017739   0x0000004e   Data   RO          320    .constdata          scheduler.o
    0x08017787   0x000000b9   Data   RO          355    .constdata          thread.o
    0x08017840   0x0000005c   Data   RO          375    .constdata          timer.o
    0x0801789c   0x0000005c   Data   RO          594    .constdata          usart.o
    0x080178f8   0x00000677   Data   RO          627    .constdata          gpio.o
    0x08017f6f   0x00000013   Data   RO         1529    .constdata          cpuport.o
    0x08017f82   0x00000023   Data   RO         1550    .constdata          dfs.o
    0x08017fa5   0x00000003   PAD
    0x08017fa8   0x00000040   Data   RO         1674    .constdata          dfs_fs.o
    0x08017fe8   0x000000c5   Data   RO         1812    .constdata          devfs.o
    0x080180ad   0x00000003   PAD
    0x080180b0   0x000000c1   Data   RO         1833    .constdata          dfs_elm.o
    0x08018171   0x00000001   PAD
    0x08018172   0x0000009c   Data   RO         1863    .constdata          ff.o
    0x0801820e   0x0000007d   Data   RO         1885    .constdata          pin.o
    0x0801828b   0x00000001   PAD
    0x0801828c   0x00000170   Data   RO         1902    .constdata          serial.o
    0x080183fc   0x000000a3   Data   RO         1980    .constdata          spi_core.o
    0x0801849f   0x00000081   Data   RO         2002    .constdata          spi_dev.o
    0x08018520   0x00000039   Data   RO         2015    .constdata          completion.o
    0x08018559   0x0000004b   Data   RO         2031    .constdata          dataqueue.o
    0x080185a4   0x0000000f   Data   RO         2155    .constdata          waitqueue.o
    0x080185b3   0x0000004a   Data   RO         2185    .constdata          shell.o
    0x080185fd   0x00000003   PAD
    0x08018600   0x00000050   Data   RO         2225    .constdata          cmd.o
    0x08018650   0x0000000e   Data   RO         2248    .constdata          msh.o
    0x0801865e   0x00000002   PAD
    0x08018660   0x000000c4   Data   RO         2397    .constdata          finsh_ops.o
    0x08018724   0x00000040   Data   RO         2476    .constdata          finsh_token.o
    0x08018764   0x0000001b   Data   RO         2547    .constdata          stubs.o
    0x0801877f   0x000000a6   Data   RO         2693    .constdata          pthread.o
    0x08018825   0x00000003   PAD
    0x08018828   0x0000016d   Data   RO         2723    .constdata          pthread_attr.o
    0x08018995   0x0000003a   Data   RO         2810    .constdata          pthread_tls.o
    0x080189cf   0x00000013   Data   RO         2858    .constdata          clock_time.o
    0x080189e2   0x0000000c   Data   RO         2970    .constdata          mc_w.l(mktime.o)
    0x080189ee   0x0000000c   Data   RO         3282    .constdata          mc_w.l(localtime_i.o)
    0x080189fa   0x00000081   Data   RO         3313    .constdata          mc_w.l(ctype_o.o)
    0x08018a7b   0x00000001   PAD
    0x08018a7c   0x00000004   Data   RO         3314    .constdata          mc_w.l(ctype_o.o)
    0x08018a80   0x0000015a   Data   RO          183    .conststring        ipc.o
    0x08018bda   0x00000002   PAD
    0x08018bdc   0x000000eb   Data   RO          237    .conststring        mem.o
    0x08018cc7   0x00000001   PAD
    0x08018cc8   0x00000042   Data   RO          356    .conststring        thread.o
    0x08018d0a   0x00000002   PAD
    0x08018d0c   0x0000000b   Data   RO         1675    .conststring        dfs_fs.o
    0x08018d17   0x00000001   PAD
    0x08018d18   0x00000006   Data   RO         1813    .conststring        devfs.o
    0x08018d1e   0x00000002   PAD
    0x08018d20   0x00000048   Data   RO         1834    .conststring        dfs_elm.o
    0x08018d68   0x0000015d   Data   RO         2226    .conststring        cmd.o
    0x08018ec5   0x00000003   PAD
    0x08018ec8   0x000000f3   Data   RO         2332    .conststring        finsh_error.o
    0x08018fbb   0x00000001   PAD
    0x08018fbc   0x0000003e   Data   RO         2477    .conststring        finsh_token.o
    0x08018ffa   0x00000027   Data   RO          239    .rodata.name        mem.o
    0x08019021   0x00000023   Data   RO         1552    .rodata.name        dfs.o
    0x08019044   0x0000005f   Data   RO         1654    .rodata.name        dfs_file.o
    0x080190a3   0x00000029   Data   RO         1676    .rodata.name        dfs_fs.o
    0x080190cc   0x0000003d   Data   RO         1692    .rodata.name        dfs_posix.o
    0x08019109   0x00000069   Data   RO         1886    .rodata.name        pin.o
    0x08019172   0x000003a4   Data   RO         2228    .rodata.name        cmd.o
    0x08019516   0x00000061   Data   RO         2250    .rodata.name        msh.o
    0x08019577   0x0000020b   Data   RO         2266    .rodata.name        msh_cmd.o
    0x08019782   0x00000002   PAD
    0x08019784   0x00000004   Data   RO           84    .rti_fn.0           components.o
    0x08019788   0x00000004   Data   RO           85    .rti_fn.0.end       components.o
    0x0801978c   0x00000004   Data   RO          596    .rti_fn.1           usart.o
    0x08019790   0x00000004   Data   RO          629    .rti_fn.1           gpio.o
    0x08019794   0x00000004   Data   RO           86    .rti_fn.1.end       components.o
    0x08019798   0x00000004   Data   RO         1553    .rti_fn.2           dfs.o
    0x0801979c   0x00000004   Data   RO         1836    .rti_fn.4           dfs_elm.o
    0x080197a0   0x00000004   Data   RO         2491    .rti_fn.4           libc.o
    0x080197a4   0x00000004   Data   RO         2695    .rti_fn.4           pthread.o
    0x080197a8   0x00000004   Data   RO         2860    .rti_fn.4           clock_time.o
    0x080197ac   0x00000004   Data   RO         2187    .rti_fn.6           shell.o
    0x080197b0   0x00000004   Data   RO           87    .rti_fn.6.end       components.o
    0x080197b4   0x0000000c   Data   RO          240    FSymTab             mem.o
    0x080197c0   0x0000000c   Data   RO         1554    FSymTab             dfs.o
    0x080197cc   0x00000030   Data   RO         1655    FSymTab             dfs_file.o
    0x080197fc   0x00000018   Data   RO         1677    FSymTab             dfs_fs.o
    0x08019814   0x00000018   Data   RO         1693    FSymTab             dfs_posix.o
    0x0801982c   0x00000024   Data   RO         1887    FSymTab             pin.o
    0x08019850   0x00000120   Data   RO         2229    FSymTab             cmd.o
    0x08019970   0x00000024   Data   RO         2251    FSymTab             msh.o
    0x08019994   0x000000a8   Data   RO         2267    FSymTab             msh_cmd.o
    0x08019a3c   0x00000020   Data   RO         3346    Region$$Table       anon$$obj.o
    0x08019a5c   0x00000010   Data   RO         2230    VSymTab             cmd.o


    Execution Region RW_IRAM1 (Base: 0x20000000, Size: 0x000029e8, Max: 0x00020000, ABSOLUTE, COMPRESSED[0x000000e4])

    Base Addr    Size         Type   Attr      Idx    E Section Name        Object

    0x20000000   0x00000004   Data   RW            2    .data               clock.o
    0x20000004   0x00000009   Data   RW          200    .data               irq.o
    0x2000000d   0x00000003   PAD
    0x20000010   0x0000000c   Data   RW          217    .data               kservice.o
    0x2000001c   0x00000020   Data   RW          238    .data               mem.o
    0x2000003c   0x000000b4   Data   RW          301    .data               object.o
    0x200000f0   0x0000001c   Data   RW          321    .data               scheduler.o
    0x2000010c   0x0000000c   Data   RW          357    .data               thread.o
    0x20000118   0x00000014   Data   RW          376    .data               timer.o
    0x2000012c   0x00000020   Data   RW          419    .data               board.o
    0x2000014c   0x00000060   Data   RW          595    .data               usart.o
    0x200001ac   0x000000c8   Data   RW          628    .data               gpio.o
    0x20000274   0x00000009   Data   RW          656    .data               stm32f4_spi.o
    0x2000027d   0x00000003   PAD
    0x20000280   0x00000014   Data   RW          715    .data               system_stm32f4xx.o
    0x20000294   0x00000010   Data   RW         1273    .data               stm32f4xx_rcc.o
    0x200002a4   0x00000010   Data   RW         1530    .data               cpuport.o
    0x200002b4   0x00000114   Data   RW         1551    .data               dfs.o
    0x200003c8   0x00000008   Data   RW         1835    .data               dfs_elm.o
    0x200003d0   0x0000000a   Data   RW         1864    .data               ff.o
    0x200003da   0x00000002   PAD
    0x200003dc   0x00000008   Data   RW         2186    .data               shell.o
    0x200003e4   0x00000010   Data   RW         2208    .data               symbol.o
    0x200003f4   0x00000004   Data   RW         2227    .data               cmd.o
    0x200003f8   0x00000004   Data   RW         2249    .data               msh.o
    0x200003fc   0x00000008   Data   RW         2295    .data               finsh_compiler.o
    0x20000404   0x00000040   Data   RW         2333    .data               finsh_error.o
    0x20000444   0x00000008   Data   RW         2349    .data               finsh_heap.o
    0x2000044c   0x00000004   Data   RW         2431    .data               finsh_var.o
    0x20000450   0x0000000c   Data   RW         2454    .data               finsh_vm.o
    0x2000045c   0x00000004   Data   RW         2533    .data               stdio.o
    0x20000460   0x00000004   Data   RW         2664    .data               mqueue.o
    0x20000464   0x00000002   Data   RW         2694    .data               pthread.o
    0x20000466   0x00000002   PAD
    0x20000468   0x00000006   Data   RW         2838    .data               semaphore.o
    0x2000046e   0x00000002   PAD
    0x20000470   0x00000008   Data   RW         2859    .data               clock_time.o
    0x20000478   0x00000004   Data   RW         2962    .data               mc_w.l(stdin.o)
    0x2000047c   0x00000004   Data   RW         3287    .data               mc_w.l(errno.o)
    0x20000480   0x00000490   Zero   RW          163    .bss                idle.o
    0x20000910   0x00000080   Zero   RW          215    .bss                kservice.o
    0x20000990   0x00000020   Zero   RW          235    .bss                mem.o
    0x200009b0   0x00000100   Zero   RW          319    .bss                scheduler.o
    0x20000ab0   0x00001100   Zero   RW          394    .bss                main.o
    0x20001bb0   0x0000021c   Zero   RW          418    .bss                board.o
    0x20001dcc   0x0000012c   Zero   RW          593    .bss                usart.o
    0x20001ef8   0x00000044   Zero   RW         1549    .bss                dfs.o
    0x20001f3c   0x00000128   Zero   RW         1653    .bss                dfs_file.o
    0x20002064   0x00000054   Zero   RW         1884    .bss                pin.o
    0x200020b8   0x00000081   Zero   RW         2184    .bss                shell.o
    0x20002139   0x00000003   PAD
    0x2000213c   0x00000080   Zero   RW         2348    .bss                finsh_heap.o
    0x200021bc   0x00000140   Zero   RW         2382    .bss                finsh_node.o
    0x200022fc   0x000000c0   Zero   RW         2430    .bss                finsh_var.o
    0x200023bc   0x00000180   Zero   RW         2453    .bss                finsh_vm.o
    0x2000253c   0x00000020   Zero   RW         2663    .bss                mqueue.o
    0x2000255c   0x00000040   Zero   RW         2809    .bss                pthread_tls.o
    0x2000259c   0x00000020   Zero   RW         2837    .bss                semaphore.o
    0x200025bc   0x0000002c   Zero   RW         3279    .bss                mc_w.l(localtime_w.o)
    0x200025e8   0x00000400   Zero   RW         1487    STACK               startup_stm32f4xx.o


==============================================================================

Image component sizes


      Code (inc. data)   RO Data    RW Data    ZI Data      Debug   Object Name

        10          0          0          0          0        528   adxl355.o
        10          0          0          0          0        537   adxrs453.o
       704        116          0         32        540     279457   board.o
       108          4          0          4          0      19462   clock.o
       492         36         23          8          0       3008   clock_time.o
      4412       1430       1665          4          0      18240   cmd.o
       460        128         57          0          0       4795   completion.o
       216         42         36          0          0       2570   components.o
       308         26          0          0          0        824   context_rvds.o
      1548        738         19         16          0       5083   cpuport.o
      1060        116         75          0          0       4837   dataqueue.o
       924        114        203          0          0       5493   devfs.o
      1390        338        216          0          0      16462   device.o
      1552        268         86        276         68      22585   dfs.o
      2888        234        269          8          0      16834   dfs_elm.o
      2488        362        143          0        296       9175   dfs_file.o
      1636        214        140          0          0       6124   dfs_fs.o
      1700         14         85          0          0       9694   dfs_posix.o
     10084        144        156         10          0      32617   ff.o
      6168        154          0          8          0       9866   finsh_compiler.o
        44         10        243         64          0       1725   finsh_error.o
       528         18          0          8        128       3439   finsh_heap.o
        88          6          0          0          0       1680   finsh_init.o
       388          4          0          0        320       3476   finsh_node.o
      2780         36        196          0          0       8872   finsh_ops.o
      2428         32          0          0          0       9777   finsh_parser.o
      1664         16        126          0          0       6284   finsh_token.o
       412         18          0          4        192       6353   finsh_var.o
       228         34          0         12        384       5432   finsh_vm.o
      1528         50       1659        200          0       7016   gpio.o
       500         76         22          0       1168       5656   idle.o
      7176       1040        849          0          0      22395   ipc.o
       140         14          0          9          0       1908   irq.o
      2756        232        290         12        128      12556   kservice.o
        22          0          4          0          0       1392   libc.o
       128         44          0          0       4352       1310   main.o
      2232        634        346         32         32       8498   mem.o
       224         20          0          0          0       1973   misc.o
       812         12          0          4         32       7198   mqueue.o
      1368        152        147          4          0       6006   msh.o
      1256        540        691          0          0       7758   msh_cmd.o
       416         22          0          0          0       1666   msh_file.o
       884        184        128        180          0       8479   object.o
       592         94        266          0         84       5050   pin.o
         0          0          0          0          0      15484   poll.o
      1472        196        170          2          0      10070   pthread.o
       532         96        365          0          0       6606   pthread_attr.o
       396         98         58          0         64       2847   pthread_tls.o
       908        150         78         28        256       7133   scheduler.o
       948         34          0          6         32       5780   semaphore.o
      3744        460        368          0          0      30497   serial.o
      2472        240         78          8        129       6279   shell.o
         0          0          0          0          0       1320   signal.o
      1548        114        163          0          0       5814   spi_core.o
       524        148        129          0          0       3499   spi_dev.o
        36          8        392          0       1024        912   startup_stm32f4xx.o
       212         60          0          4          0       1829   stdio.o
      1224         40          0          9          0       4688   stm32f4_spi.o
       936         32          0          0          0       6553   stm32f4xx_dma.o
       284         10          0          0          0       2479   stm32f4xx_exti.o
       604         36          0          0          0       4285   stm32f4xx_gpio.o
        16          0          0          0          0        856   stm32f4xx_it.o
      1416         48          0         16          0      11235   stm32f4xx_rcc.o
      1016         22          0          0          0       7001   stm32f4xx_spi.o
       140         12          0          0          0       1743   stm32f4xx_syscfg.o
      1050         26          0          0          0       8016   stm32f4xx_usart.o
       520         22         27          0          0      23043   stubs.o
         0          0          0         16          0       5073   symbol.o
       528         46          0         20          0       2083   system_stm32f4xx.o
      2004        434        251         12          0      10497   thread.o
        68          6          0          0          0       1578   time.o
      1468        276         92         20          0       9079   timer.o
      1488        160         96         96        300      25561   usart.o
       428         48         15          0          0       3175   waitqueue.o

    ----------------------------------------------------------------------
     92740      10588      10484       1144       9532     839105   Object Totals
         0          0         32          0          0          0   (incl. Generated)
         6          0         30         12          3          0   (incl. Padding)

    ----------------------------------------------------------------------

      Code (inc. data)   RO Data    RW Data    ZI Data      Debug   Library Member Name

        86          0          0          0          0          0   __dczerorl2.o
        28          0          0          0          0         68   _chval.o
       158          0          0          0          0         92   _strtoul.o
        26          0          0          0          0         80   atoi.o
         8          4        133          0          0         68   ctype_o.o
         0          0          0          0          0          0   entry.o
         0          0          0          0          0          0   entry10a.o
         0          0          0          0          0          0   entry11a.o
         8          4          0          0          0          0   entry2.o
         4          0          0          0          0          0   entry5.o
         0          0          0          0          0          0   entry7b.o
         0          0          0          0          0          0   entry8b.o
         8          4          0          0          0          0   entry9a.o
         8          4          0          4          0         68   errno.o
         4          0          0          0          0         68   getc.o
        30          0          0          0          0          0   handlers.o
        36          8          0          0          0         68   init.o
        98          0          0          0          0         84   ldiv.o
        30          0          0          0          0         68   llshl.o
        32          0          0          0          0         68   llushr.o
       140          6         12          0          0         76   localtime_i.o
        12          6          0          0         44         68   localtime_w.o
        26          0          0          0          0         80   memcmp.o
        36          0          0          0          0         68   memcpya.o
        36          0          0          0          0        108   memseta.o
       168         18         12          0          0         80   mktime.o
       284          4          0          0          0        244   printf2.o
         0          0          0          4          0          0   stdin.o
        24          0          0          0          0         68   strcat.o
        28          0          0          0          0         76   strcmp.o
        18          0          0          0          0         68   strcpy.o
        14          0          0          0          0         68   strlen.o
        30          0          0          0          0         80   strncmp.o
        24          0          0          0          0         76   strncpy.o
        32          0          0          0          0         68   strrchr.o
        36          0          0          0          0         80   strstr.o
       112          0          0          0          0         88   strtol.o
        98          0          0          0          0         92   uldiv.o

    ----------------------------------------------------------------------
      1686         58        158          8         44       2220   Library Totals
         4          0          1          0          0          0   (incl. Padding)

    ----------------------------------------------------------------------

      Code (inc. data)   RO Data    RW Data    ZI Data      Debug   Library Name

      1682         58        157          8         44       2220   mc_w.l

    ----------------------------------------------------------------------
      1686         58        158          8         44       2220   Library Totals

    ----------------------------------------------------------------------

==============================================================================


      Code (inc. data)   RO Data    RW Data    ZI Data      Debug   

     94426      10646      10642       1152       9576     827061   Grand Totals
     94426      10646      10642        228       9576     827061   ELF Image Totals (compressed)
     94426      10646      10642        228          0          0   ROM Totals

==============================================================================

    Total RO  Size (Code + RO Data)               105068 ( 102.61kB)
    Total RW  Size (RW Data + ZI Data)             10728 (  10.48kB)
    Total ROM Size (Code + RO Data + RW Data)     105296 ( 102.83kB)

==============================================================================

