<html>
<body>
<pre>
<h1>µVision Build Log</h1>
<h2>Tool Versions:</h2>
IDE-Version: ¦ÌVision V5.23.0.0
Copyright (C) 2017 ARM Ltd and ARM Germany GmbH. All rights reserved.
License Information: we ewatt, sa, LIC=D0D74-F9GEG-GK6BG-VHDNE-5AINE-DIDH3
 
Tool Versions:
Toolchain:       MDK-ARM Plus  Version: 5.23
Toolchain Path:  C:\Keil_v5\ARM\ARMCC\Bin
C Compiler:      Armcc.exe V5.06 update 4 (build 422)
Assembler:       Armasm.exe V5.06 update 4 (build 422)
Linker/Locator:  ArmLink.exe V5.06 update 4 (build 422)
Library Manager: ArmAr.exe V5.06 update 4 (build 422)
Hex Converter:   FromElf.exe V5.06 update 4 (build 422)
CPU DLL:         SARMCM3.DLL V5.23
Dialog DLL:      DCM.DLL V1.15.0.0
Target DLL:      STLink\ST-LINKIII-KEIL_SWO.dll V2.0.18.0
Dialog DLL:      TCM.DLL V1.27.0.0
 
<h2>Project:</h2>
C:\Users\duanyao\Documents\GitHub\rtthread\bsp\stm32f40x\project.uvprojx
Project File Date:  02/14/2019

<h2>Output:</h2>
*** Using Compiler 'V5.06 update 4 (build 422)', folder: 'C:\Keil_v5\ARM\ARMCC\Bin'
Rebuild target 'rt-thread_stm32f4xx'
compiling clock.c...
compiling cpu.c...
compiling components.c...
compiling device.c...
compiling irq.c...
compiling idle.c...
compiling ipc.c...
compiling memheap.c...
compiling mem.c...
compiling mempool.c...
compiling kservice.c...
compiling signal.c...
compiling object.c...
compiling scheduler.c...
compiling main.c...
compiling thread.c...
compiling timer.c...
compiling usart.c...
compiling stm32f4xx_it.c...
compiling gpio.c...
compiling board.c...
compiling adxrs453.c...
compiling adxl355.c...
drivers\adxl355\adxl355.c(38): warning:  #177-D: function "write_reg_n"  was declared but never referenced
  static rt_err_t write_reg_n(rt_uint8_t reg , rt_uint8_t val,rt_uint8_t val2,enWriteData enMode)
drivers\adxl355\adxl355.c: 1 warning, 0 errors
compiling stm32f4_spi.c...
compiling system_stm32f4xx.c...
compiling misc.c...
compiling stm32f4xx_adc.c...
compiling stm32f4xx_can.c...
compiling stm32f4xx_crc.c...
compiling stm32f4xx_cryp.c...
compiling stm32f4xx_cryp_des.c...
compiling stm32f4xx_cryp_aes.c...
compiling stm32f4xx_cryp_tdes.c...
compiling stm32f4xx_dbgmcu.c...
compiling stm32f4xx_dac.c...
compiling stm32f4xx_dcmi.c...
compiling stm32f4xx_dma.c...
compiling stm32f4xx_exti.c...
compiling stm32f4xx_hash.c...
compiling stm32f4xx_flash.c...
compiling stm32f4xx_gpio.c...
compiling stm32f4xx_fsmc.c...
compiling stm32f4xx_hash_md5.c...
compiling stm32f4xx_hash_sha1.c...
compiling stm32f4xx_i2c.c...
compiling stm32f4xx_iwdg.c...
compiling stm32f4xx_pwr.c...
compiling stm32f4xx_rcc.c...
compiling stm32f4xx_rng.c...
compiling stm32f4xx_sdio.c...
compiling stm32f4xx_rtc.c...
compiling stm32f4xx_syscfg.c...
compiling stm32f4xx_spi.c...
assembling startup_stm32f4xx.s...
compiling stm32f4xx_tim.c...
compiling backtrace.c...
compiling div0.c...
compiling showmem.c...
assembling context_rvds.S...
compiling cpuport.c...
compiling stm32f4xx_wwdg.c...
compiling stm32f4xx_usart.c...
compiling dfs.c...
compiling dfs_file.c...
compiling dfs_fs.c...
compiling poll.c...
compiling select.c...
compiling dfs_posix.c...
compiling devfs.c...
compiling dfs_elm.c...
compiling pin.c...
compiling spi_dev.c...
compiling completion.c...
compiling spi_core.c...
compiling serial.c...
compiling dataqueue.c...
compiling waitqueue.c...
compiling pipe.c...
compiling ringblk_buf.c...
compiling ff.c...
compiling ringbuffer.c...
compiling workqueue.c...
compiling shell.c...
compiling symbol.c...
compiling msh_file.c...
compiling msh_cmd.c...
compiling finsh_error.c...
compiling msh.c...
compiling cmd.c...
compiling finsh_compiler.c...
compiling finsh_heap.c...
compiling finsh_init.c...
compiling finsh_node.c...
compiling finsh_var.c...
compiling finsh_ops.c...
compiling finsh_parser.c...
compiling finsh_vm.c...
compiling finsh_token.c...
compiling mem_std.c...
compiling libc.c...
compiling stdio.c...
compiling time.c...
compiling stubs.c...
compiling gmtime_r.c...
compiling mqueue.c...
compiling pthread_attr.c...
compiling pthread.c...
compiling pthread_barrier.c...
compiling pthread_cond.c...
compiling pthread_mutex.c...
compiling pthread_rwlock.c...
compiling pthread_spin.c...
compiling pthread_tls.c...
compiling sched.c...
compiling semaphore.c...
compiling posix_sleep.c...
compiling clock_time.c...
linking...
Program Size: Code=95586 RO-data=10642 RW-data=1160 ZI-data=9656  
FromELF: creating hex file...
After Build - User command #1: fromelf --bin .\build\rtthread-stm32f4xx.axf --output rtthread-stm32f4xx.bin
".\build\rtthread-stm32f4xx.axf" - 0 Error(s), 1 Warning(s).

<h2>Collection of Component include folders:</h2>
  .\RTE\_rt-thread_stm32f4xx
  C:\Keil_v5\ARM\PACK\Keil\STM32F4xx_DFP\1.0.5\Device\Include

<h2>Collection of Component Files used:</h2>
Build Time Elapsed:  00:00:08
</pre>
</body>
</html>
